// Jest Snapshot v1, https://goo.gl/fbAQLP

exports[`ItemList (Template Story) Matches snapshot 1`] = `
Object {
  "asFragment": [Function],
  "baseElement": <body>
    <div>
      <h1
        class="mb-10 text-4xl text-center"
        data-testid="ref/title"
      >
        To Do List
      </h1>
      <ul>
        <li
          class="p-6 mb-4 block rounded-md bg-gray-400 hover:bg-gray-300 flex items-center cursor-pointer bg-gray-400 hover:bg-gray-500"
        >
          <div
            class="flex-1 mr-4 text-gray-700"
          >
            <span
              class="line-through"
              data-testid="ref/itemTitle/1"
            >
              Title!!
            </span>
            <div>
              <a
                class="underline hover:no-underline text-xs mt-1"
                data-testid="ref/itemView/1"
                href="/item/1"
              >
                View
              </a>
            </div>
          </div>
          <span
            class="inline-block w-6 h-6 border-2 border-gray-600 rounded-full border-green-700 bg-green-400"
          />
        </li>
      </ul>
    </div>
  </body>,
  "container": <div>
    <h1
      class="mb-10 text-4xl text-center"
      data-testid="ref/title"
    >
      To Do List
    </h1>
    <ul>
      <li
        class="p-6 mb-4 block rounded-md bg-gray-400 hover:bg-gray-300 flex items-center cursor-pointer bg-gray-400 hover:bg-gray-500"
      >
        <div
          class="flex-1 mr-4 text-gray-700"
        >
          <span
            class="line-through"
            data-testid="ref/itemTitle/1"
          >
            Title!!
          </span>
          <div>
            <a
              class="underline hover:no-underline text-xs mt-1"
              data-testid="ref/itemView/1"
              href="/item/1"
            >
              View
            </a>
          </div>
        </div>
        <span
          class="inline-block w-6 h-6 border-2 border-gray-600 rounded-full border-green-700 bg-green-400"
        />
      </li>
    </ul>
  </div>,
  "debug": [Function],
  "findAllByAltText": [Function],
  "findAllByDisplayValue": [Function],
  "findAllByLabelText": [Function],
  "findAllByPlaceholderText": [Function],
  "findAllByRole": [Function],
  "findAllByTestId": [Function],
  "findAllByText": [Function],
  "findAllByTitle": [Function],
  "findByAltText": [Function],
  "findByDisplayValue": [Function],
  "findByLabelText": [Function],
  "findByPlaceholderText": [Function],
  "findByRole": [Function],
  "findByTestId": [Function],
  "findByText": [Function],
  "findByTitle": [Function],
  "getAllByAltText": [Function],
  "getAllByDisplayValue": [Function],
  "getAllByLabelText": [Function],
  "getAllByPlaceholderText": [Function],
  "getAllByRole": [Function],
  "getAllByTestId": [Function],
  "getAllByText": [Function],
  "getAllByTitle": [Function],
  "getByAltText": [Function],
  "getByDisplayValue": [Function],
  "getByLabelText": [Function],
  "getByPlaceholderText": [Function],
  "getByRole": [Function],
  "getByTestId": [Function],
  "getByText": [Function],
  "getByTitle": [Function],
  "queryAllByAltText": [Function],
  "queryAllByDisplayValue": [Function],
  "queryAllByLabelText": [Function],
  "queryAllByPlaceholderText": [Function],
  "queryAllByRole": [Function],
  "queryAllByTestId": [Function],
  "queryAllByText": [Function],
  "queryAllByTitle": [Function],
  "queryByAltText": [Function],
  "queryByDisplayValue": [Function],
  "queryByLabelText": [Function],
  "queryByPlaceholderText": [Function],
  "queryByRole": [Function],
  "queryByTestId": [Function],
  "queryByText": [Function],
  "queryByTitle": [Function],
  "rerender": [Function],
  "unmount": [Function],
}
`;
